Copyright 1986-2014 Xilinx, Inc. All Rights Reserved.
------------------------------------------------------------------------------------
| Tool Version : Vivado v.2014.4 (win64) Build 1071353 Tue Nov 18 18:29:27 MST 2014
| Date         : Tue May 24 10:04:55 2016
| Host         : RM132B13 running 64-bit Service Pack 1  (build 7601)
| Command      : report_drc
------------------------------------------------------------------------------------

Report DRC

Table of Contents
-----------------
1. REPORT SUMMARY
2. REPORT DETAILS

1. REPORT SUMMARY
-----------------
            Netlist: netlist
          Floorplan: design_1
      Design limits: <entire design considered>
           Ruledeck: default
           Max violations: <unlimited>
         Violations found: 2

2. REPORT DETAILS
-----------------
CKLD-2#1 Warning
Clock Net has direct IO Driver  
Clock net PS2C_IOBUF_inst/O is directly driven by an IO rather than a Clock Buffer. Driver(s): PS2C_IOBUF_inst/IBUF/O2000
Related violations: <none>

RPBF-3#1 Warning
IO port buffering is incomplete  
Device port PS2D expects both input and output buffering but the buffers are incomplete.
Related violations: <none>


